    Finished `dev` profile [unoptimized + debuginfo] target(s) in 0.36s
     Running `target/debug/comp2432-project-blaze-gp54`
Start simulation: robots=5, duration=20s, heartbeat=700ms, task_gen=300ms, timeout=2500ms, lookahead=3
Random generator seed     : 1773997712541510471
[Health] online=[], offline=[]
[TaskGen] pushed task #1 zone=Ward-1 emergency=false pos=(7.28,2.82)
[Robot 3] acquired zone Ward-1, execute task #1 (emergency=false,) for 844ms
[TaskGen] pushed task #2 zone=Ward-1 emergency=false pos=(2.17,5.44)
[TaskGen] pushed task #3 zone=Pharmacy emergency=false pos=(3.19,3.47)
[Robot 4] acquired zone Pharmacy, execute task #3 (emergency=false,) for 763ms
[Robot 3] released zone Ward-1, completed task #1
[Robot 3] acquired zone Ward-1, execute task #2 (emergency=false,) for 968ms
[TaskGen] pushed task #4 zone=Intensive Care Unit-A emergency=false pos=(3.70,6.66)
[Robot 5] acquired zone Intensive Care Unit-A, execute task #4 (emergency=false,) for 845ms
[TaskGen] pushed task #5 zone=Pharmacy emergency=false pos=(7.05,3.05)
[Robot 4] released zone Pharmacy, completed task #3
[Robot 4] acquired zone Pharmacy, execute task #5 (emergency=false,) for 876ms
[TaskGen] pushed task #6 zone=Operating Room-1 emergency=false pos=(0.61,7.46)
[Robot 2] acquired zone Operating Room-1, execute task #6 (emergency=false,) for 378ms
[Robot 5] released zone Intensive Care Unit-A, completed task #4
[TaskGen] pushed task #7 zone=Ward-1 emergency=true pos=(2.20,1.11)
[Robot 3] released zone Ward-1, completed task #2
[Robot 3] acquired zone Ward-1, execute task #7 (emergency=true,) for 527ms
[Robot 2] released zone Operating Room-1, completed task #6
[Health] online=[3, 2, 1, 5, 4], offline=[]
[TaskGen] pushed task #8 zone=Ward-1 emergency=false pos=(5.80,1.50)
[Robot 4] released zone Pharmacy, completed task #5
[Robot 3] released zone Ward-1, completed task #7
[Robot 3] acquired zone Ward-1, execute task #8 (emergency=false,) for 950ms
[TaskGen] pushed task #9 zone=Intensive Care Unit-A emergency=false pos=(0.24,3.58)
[Robot 2] acquired zone Intensive Care Unit-A, execute task #9 (emergency=false,) for 475ms
[TaskGen] pushed task #10 zone=Intensive Care Unit-A emergency=false pos=(1.28,6.90)
[Robot 2] released zone Intensive Care Unit-A, completed task #9
[Robot 2] acquired zone Intensive Care Unit-A, execute task #10 (emergency=false,) for 601ms
[TaskGen] pushed task #11 zone=Intensive Care Unit-A emergency=true pos=(3.82,7.75)
[Robot 3] released zone Ward-1, completed task #8
[TaskGen] pushed task #12 zone=Operating Room-1 emergency=true pos=(9.40,8.72)
[Robot 4] acquired zone Operating Room-1, execute task #12 (emergency=true,) for 727ms
[Robot 2] released zone Intensive Care Unit-A, completed task #10
[Robot 2] acquired zone Intensive Care Unit-A, execute task #11 (emergency=true,) for 840ms
[TaskGen] pushed task #13 zone=Operating Room-1 emergency=false pos=(8.47,6.98)
[TaskGen] pushed task #14 zone=Ward-1 emergency=true pos=(5.78,3.51)
[Robot 5] acquired zone Ward-1, execute task #14 (emergency=true,) for 853ms
[Health] online=[3, 2, 1, 5, 4], offline=[]
[Robot 4] released zone Operating Room-1, completed task #12
[Robot 4] acquired zone Operating Room-1, execute task #13 (emergency=false,) for 757ms
[TaskGen] pushed task #15 zone=Pharmacy emergency=true pos=(1.01,1.46)
[Robot 1] acquired zone Pharmacy, execute task #15 (emergency=true,) for 726ms
[Robot 2] released zone Intensive Care Unit-A, completed task #11
[TaskGen] pushed task #16 zone=Pharmacy emergency=true pos=(9.09,4.38)
[Robot 5] released zone Ward-1, completed task #14
[Robot 4] released zone Operating Room-1, completed task #13
[TaskGen] pushed task #17 zone=Operating Room-1 emergency=true pos=(0.95,4.93)
[Robot 2] acquired zone Operating Room-1, execute task #17 (emergency=true,) for 804ms
[Robot 1] released zone Pharmacy, completed task #15
[Robot 1] acquired zone Pharmacy, execute task #16 (emergency=true,) for 609ms
[TaskGen] pushed task #18 zone=Pharmacy emergency=false pos=(9.79,4.49)
[TaskGen] pushed task #19 zone=Intensive Care Unit-A emergency=false pos=(4.12,2.84)
[Robot 5] acquired zone Intensive Care Unit-A, execute task #19 (emergency=false,) for 644ms
[Robot 1] released zone Pharmacy, completed task #16
[Robot 1] acquired zone Pharmacy, execute task #18 (emergency=false,) for 734ms
[TaskGen] pushed task #20 zone=Operating Room-1 emergency=true pos=(8.05,0.31)
[Robot 2] released zone Operating Room-1, completed task #17
[Robot 2] acquired zone Operating Room-1, execute task #20 (emergency=true,) for 417ms
[Health] online=[3, 2, 1, 5, 4], offline=[]
[TaskGen] pushed task #21 zone=Operating Room-1 emergency=false pos=(5.75,7.64)
[Robot 5] released zone Intensive Care Unit-A, completed task #19
[Robot 2] released zone Operating Room-1, completed task #20
[Robot 2] acquired zone Operating Room-1, execute task #21 (emergency=false,) for 850ms
[Robot 1] released zone Pharmacy, completed task #18
[TaskGen] pushed task #22 zone=Ward-1 emergency=true pos=(3.07,0.97)
[Robot 1] acquired zone Ward-1, execute task #22 (emergency=true,) for 384ms
[TaskGen] pushed task #23 zone=Pharmacy emergency=false pos=(2.06,1.53)
[Robot 4] acquired zone Pharmacy, execute task #23 (emergency=false,) for 797ms
[Robot 1] released zone Ward-1, completed task #22
[TaskGen] pushed task #24 zone=Operating Room-1 emergency=false pos=(2.07,1.38)
[Robot 2] released zone Operating Room-1, completed task #21
[Robot 2] acquired zone Operating Room-1, execute task #24 (emergency=false,) for 647ms
[TaskGen] pushed task #25 zone=Pharmacy emergency=false pos=(5.14,2.63)
[Robot 4] released zone Pharmacy, completed task #23
[Robot 4] acquired zone Pharmacy, execute task #25 (emergency=false,) for 666ms
[TaskGen] pushed task #26 zone=Ward-1 emergency=false pos=(3.02,8.42)
[Robot 1] acquired zone Ward-1, execute task #26 (emergency=false,) for 778ms
[Robot 2] released zone Operating Room-1, completed task #24
[TaskGen] pushed task #27 zone=Intensive Care Unit-A emergency=false pos=(7.45,8.69)
[Robot 2] acquired zone Intensive Care Unit-A, execute task #27 (emergency=false,) for 991ms
[Health] online=[3, 2, 1, 5, 4], offline=[]
[Robot 4] released zone Pharmacy, completed task #25
[TaskGen] pushed task #28 zone=Intensive Care Unit-A emergency=false pos=(3.93,1.37)
[Robot 1] released zone Ward-1, completed task #26
[TaskGen] pushed task #29 zone=Pharmacy emergency=false pos=(5.74,6.58)
[Robot 1] acquired zone Pharmacy, execute task #29 (emergency=false,) for 612ms
[TaskGen] pushed task #30 zone=Pharmacy emergency=false pos=(0.61,3.86)
[Robot 2] released zone Intensive Care Unit-A, completed task #27
[Robot 2] acquired zone Intensive Care Unit-A, execute task #28 (emergency=false,) for 578ms
[TaskGen] pushed task #31 zone=Intensive Care Unit-A emergency=false pos=(9.13,6.01)
[Robot 1] released zone Pharmacy, completed task #29
[Robot 1] acquired zone Pharmacy, execute task #30 (emergency=false,) for 880ms
[TaskGen] pushed task #32 zone=Operating Room-1 emergency=false pos=(3.39,5.07)
[Robot 4] acquired zone Operating Room-1, execute task #32 (emergency=false,) for 846ms
[Robot 2] released zone Intensive Care Unit-A, completed task #28
[Robot 2] acquired zone Intensive Care Unit-A, execute task #31 (emergency=false,) for 799ms
[TaskGen] pushed task #33 zone=Operating Room-1 emergency=false pos=(0.57,8.69)
[Robot 1] released zone Pharmacy, completed task #30
[TaskGen] pushed task #34 zone=Ward-1 emergency=false pos=(4.60,4.99)
[Robot 3] acquired zone Ward-1, execute task #34 (emergency=false,) for 733ms
[Health] online=[3, 2, 1, 5, 4], offline=[]
[Robot 4] released zone Operating Room-1, completed task #32
[Robot 4] acquired zone Operating Room-1, execute task #33 (emergency=false,) for 573ms
[Robot 2] released zone Intensive Care Unit-A, completed task #31
[Robot 1] simulated failure: stop sending heartbeat
[Robot 1] stopped
[TaskGen] pushed task #35 zone=Intensive Care Unit-A emergency=false pos=(8.34,1.03)
[Robot 2] acquired zone Intensive Care Unit-A, execute task #35 (emergency=false,) for 572ms
[TaskGen] pushed task #36 zone=Ward-1 emergency=false pos=(8.61,5.39)
[Robot 3] released zone Ward-1, completed task #34
[Robot 3] acquired zone Ward-1, execute task #36 (emergency=false,) for 745ms
[Robot 4] released zone Operating Room-1, completed task #33
[Robot 2] released zone Intensive Care Unit-A, completed task #35
[TaskGen] pushed task #37 zone=Intensive Care Unit-A emergency=true pos=(2.02,3.39)
[Robot 5] acquired zone Intensive Care Unit-A, execute task #37 (emergency=true,) for 487ms
[TaskGen] pushed task #38 zone=Intensive Care Unit-A emergency=false pos=(4.87,4.31)
[Robot 5] released zone Intensive Care Unit-A, completed task #37
[Robot 5] acquired zone Intensive Care Unit-A, execute task #38 (emergency=false,) for 406ms
[Robot 3] released zone Ward-1, completed task #36
[TaskGen] pushed task #39 zone=Ward-1 emergency=false pos=(0.37,8.73)
[Robot 4] acquired zone Ward-1, execute task #39 (emergency=false,) for 533ms
[TaskGen] pushed task #40 zone=Intensive Care Unit-A emergency=false pos=(6.32,5.56)
[Robot 5] released zone Intensive Care Unit-A, completed task #38
[Robot 5] acquired zone Intensive Care Unit-A, execute task #40 (emergency=false,) for 833ms
[Health] online=[3, 2, 1, 5, 4], offline=[]
[TaskGen] pushed task #41 zone=Operating Room-1 emergency=false pos=(7.33,4.98)
[Robot 2] acquired zone Operating Room-1, execute task #41 (emergency=false,) for 567ms
[Robot 4] released zone Ward-1, completed task #39
[TaskGen] pushed task #42 zone=Ward-1 emergency=false pos=(1.10,0.65)
[Robot 4] acquired zone Ward-1, execute task #42 (emergency=false,) for 611ms
[Robot 2] released zone Operating Room-1, completed task #41
[Robot 5] released zone Intensive Care Unit-A, completed task #40
[TaskGen] pushed task #43 zone=Operating Room-1 emergency=false pos=(3.63,1.30)
[Robot 2] acquired zone Operating Room-1, execute task #43 (emergency=false,) for 733ms
[TaskGen] pushed task #44 zone=Intensive Care Unit-A emergency=false pos=(7.92,4.78)
[Robot 5] acquired zone Intensive Care Unit-A, execute task #44 (emergency=false,) for 944ms
[Robot 4] released zone Ward-1, completed task #42
[TaskGen] pushed task #45 zone=Ward-1 emergency=true pos=(5.91,7.17)
[Robot 3] acquired zone Ward-1, execute task #45 (emergency=true,) for 887ms
[Robot 2] released zone Operating Room-1, completed task #43
[TaskGen] pushed task #46 zone=Ward-1 emergency=false pos=(4.94,6.03)
[TaskGen] pushed task #47 zone=Pharmacy emergency=true pos=(7.00,0.32)
[Robot 2] acquired zone Pharmacy, execute task #47 (emergency=true,) for 477ms
[Robot 5] released zone Intensive Care Unit-A, completed task #44
[Health] online=[3, 2, 5, 4], offline=[1]
[Robot 3] released zone Ward-1, completed task #45
[Robot 3] acquired zone Ward-1, execute task #46 (emergency=false,) for 831ms
[TaskGen] pushed task #48 zone=Operating Room-1 emergency=false pos=(0.86,6.70)
[Robot 4] acquired zone Operating Room-1, execute task #48 (emergency=false,) for 635ms
[Robot 2] released zone Pharmacy, completed task #47
[TaskGen] pushed task #49 zone=Intensive Care Unit-A emergency=false pos=(4.43,1.10)
[Robot 2] acquired zone Intensive Care Unit-A, execute task #49 (emergency=false,) for 736ms
[TaskGen] pushed task #50 zone=Intensive Care Unit-A emergency=true pos=(3.65,8.00)
[Robot 4] released zone Operating Room-1, completed task #48
[Robot 3] released zone Ward-1, completed task #46
[TaskGen] pushed task #51 zone=Intensive Care Unit-A emergency=false pos=(1.23,9.62)
[Robot 2] released zone Intensive Care Unit-A, completed task #49
[Robot 2] acquired zone Intensive Care Unit-A, execute task #50 (emergency=true,) for 879ms
[TaskGen] pushed task #52 zone=Pharmacy emergency=false pos=(4.05,0.63)
[Robot 3] acquired zone Pharmacy, execute task #52 (emergency=false,) for 451ms
[TaskGen] pushed task #53 zone=Pharmacy emergency=false pos=(3.59,0.24)
[Robot 3] released zone Pharmacy, completed task #52
[Robot 3] acquired zone Pharmacy, execute task #53 (emergency=false,) for 500ms
[TaskGen] pushed task #54 zone=Intensive Care Unit-A emergency=true pos=(4.81,2.14)
[Health] online=[3, 2, 5, 4], offline=[1]
[Robot 2] released zone Intensive Care Unit-A, completed task #50
[Robot 2] acquired zone Intensive Care Unit-A, execute task #54 (emergency=true,) for 525ms
[TaskGen] pushed task #55 zone=Intensive Care Unit-A emergency=false pos=(7.96,9.51)
[Robot 3] released zone Pharmacy, completed task #53
[TaskGen] pushed task #56 zone=Pharmacy emergency=false pos=(8.10,8.61)
[Robot 3] acquired zone Pharmacy, execute task #56 (emergency=false,) for 692ms
[Robot 2] released zone Intensive Care Unit-A, completed task #54
[Robot 2] acquired zone Intensive Care Unit-A, execute task #51 (emergency=false,) for 570ms
[TaskGen] pushed task #57 zone=Pharmacy emergency=false pos=(5.83,0.29)
[TaskGen] pushed task #58 zone=Pharmacy emergency=true pos=(2.63,5.74)
[Robot 2] released zone Intensive Care Unit-A, completed task #51
[Robot 2] acquired zone Intensive Care Unit-A, execute task #55 (emergency=false,) for 1143ms
[Robot 3] released zone Pharmacy, completed task #56
[Robot 3] acquired zone Pharmacy, execute task #58 (emergency=true,) for 271ms
[TaskGen] pushed task #59 zone=Ward-1 emergency=false pos=(8.50,4.08)
[Robot 5] acquired zone Ward-1, execute task #59 (emergency=false,) for 904ms
[Robot 3] released zone Pharmacy, completed task #58
[Robot 3] acquired zone Pharmacy, execute task #57 (emergency=false,) for 865ms
[TaskGen] pushed task #60 zone=Pharmacy emergency=true pos=(8.23,6.83)
[Health] online=[3, 2, 5, 4], offline=[1]
[TaskGen] pushed task #61 zone=Ward-1 emergency=false pos=(4.17,5.23)
[Robot 2] released zone Intensive Care Unit-A, completed task #55
[TaskGen] pushed task #62 zone=Operating Room-1 emergency=false pos=(4.96,0.56)
[Robot 2] acquired zone Operating Room-1, execute task #62 (emergency=false,) for 875ms
[Robot 3] released zone Pharmacy, completed task #57
[Robot 3] acquired zone Pharmacy, execute task #60 (emergency=true,) for 704ms
[Robot 5] released zone Ward-1, completed task #59
[Robot 5] acquired zone Ward-1, execute task #61 (emergency=false,) for 940ms
[TaskGen] pushed task #63 zone=Ward-1 emergency=false pos=(3.02,0.98)
[TaskGen] pushed task #64 zone=Intensive Care Unit-A emergency=false pos=(6.54,1.05)
[Robot 4] acquired zone Intensive Care Unit-A, execute task #64 (emergency=false,) for 946ms
[Robot 3] released zone Pharmacy, completed task #60
[Robot 2] released zone Operating Room-1, completed task #62
[TaskGen] pushed task #65 zone=Operating Room-1 emergency=true pos=(4.32,1.14)
[Robot 5] released zone Ward-1, completed task #61
[Robot 5] acquired zone Operating Room-1, execute task #65 (emergency=true,) for 814ms
[Robot 3] acquired zone Ward-1, execute task #63 (emergency=false,) for 1233ms
[TaskGen] pushed task #66 zone=Intensive Care Unit-A emergency=true pos=(5.22,4.97)
[TaskGen] pushed task #67 zone=Operating Room-1 emergency=false pos=(5.29,1.14)
[Robot 4] released zone Intensive Care Unit-A, completed task #64
[Robot 4] acquired zone Intensive Care Unit-A, execute task #66 (emergency=true,) for 1028ms
[Robot 2] stopped
[TaskGen] stopped
[Robot 5] released zone Operating Room-1, completed task #65
[Robot 5] stopped
[Robot 3] released zone Ward-1, completed task #63
[Robot 3] stopped
[Robot 4] released zone Intensive Care Unit-A, completed task #66
[Robot 4] stopped

========== Simulation Summary ==========
Configured robots         : 5
Actual runtime (seconds)  : 20.93
Generated tasks           : 67
Completed tasks           : 66
Completed emergency tasks : 18
Remaining queue tasks     : 1
Estimated in-flight tasks : 0
Completion rate           : 98.51%
Throughput                : 3.15 tasks/sec
Zone lock latency (avg)   : 0.004 ms
Zone lock latency (max)   : 0.019 ms
Zone wait incl defer (avg): 0.005 ms
Zone wait incl defer (max): 0.019 ms
Deferred tasks wait (avg) : 0.000 ms
Zone contention count     : 0
Scheduler deferrals       : 152
Scheduler wait (avg)      : 544.135 ms
Scheduler wait (max)      : 6363.682 ms
Zone lock deferrals       : 0
Peak queue length         : 3
Workload fingerprint      : 0xD94FEF820D2CAB7A
Total heartbeats sent     : 94
Timeout detections        : 1
Online robots             : [3, 2, 5, 4]
Offline robots            : [1]
Per-robot completion:
  Robot  1: 7 tasks
  Robot  2: 21 tasks
  Robot  3: 15 tasks
  Robot  4: 13 tasks
  Robot  5: 10 tasks
========================================
Simulation ended. Remaining tasks in queue: 1
